[2026-02-24 14:58:59] INFO: ============================================================
[2026-02-24 14:58:59] INFO: Quality Check Started - 2026-02-24 14:58:59.174957
[2026-02-24 14:58:59] INFO: ============================================================
[2026-02-24 14:58:59] INFO: ============================================================
[2026-02-24 14:58:59] INFO: Quality Check Started - 2026-02-24 14:58:59.179851
[2026-02-24 14:58:59] INFO: Starting syntax checks...
[2026-02-24 14:58:59] INFO: ============================================================
[2026-02-24 14:58:59] INFO: Starting syntax checks...
[2026-02-24 14:58:59] OK: ✓ All files passed syntax checks
[2026-02-24 14:58:59] INFO: Starting linting checks (PEP 8)...
[2026-02-24 14:58:59] OK: ✓ All files passed syntax checks
[2026-02-24 14:58:59] INFO: Starting linting checks (PEP 8)...
[2026-02-24 15:00:31] OK: ✓ All files passed linting checks
[2026-02-24 15:00:31] INFO: Starting type checking (mypy)...
[2026-02-24 15:00:31] OK: ✓ All files passed linting checks
[2026-02-24 15:00:31] INFO: Starting type checking (mypy)...
[2026-02-24 15:00:32] OK: ✓ Type checking complete (no critical issues)
[2026-02-24 15:00:32] INFO: Starting import organization checks...
[2026-02-24 15:00:32] OK: ✓ Type checking complete (no critical issues)
[2026-02-24 15:00:32] INFO: Starting import organization checks...
[2026-02-24 15:00:54] OK: ✓ All imports properly organized
[2026-02-24 15:00:54] INFO: Running unit tests (pytest)...
[2026-02-24 15:00:55] OK: ✓ All imports properly organized
[2026-02-24 15:00:55] INFO: Running unit tests (pytest)...
[2026-02-24 15:00:55] ERROR: Some tests failed
[2026-02-24 15:00:55] INFO: Checking documentation (docstrings)...
[2026-02-24 15:00:55] ERROR: Some tests failed
[2026-02-24 15:00:55] INFO: Checking documentation (docstrings)...
[2026-02-24 15:00:57] WARNING: Documentation issue in agent1_ingestion\extractor.py
[2026-02-24 15:00:58] WARNING: Documentation issue in agent1_ingestion\image_extractor.py
[2026-02-24 15:00:58] WARNING: Documentation issue in agent1_ingestion\library.py
