[2026-02-24 14:56:59] INFO: ============================================================
[2026-02-24 14:56:59] INFO: ============================================================
[2026-02-24 14:56:59] INFO: Quality Check Started - 2026-02-24 14:56:59.129382
[2026-02-24 14:56:59] INFO: Quality Check Started - 2026-02-24 14:56:59.131080
[2026-02-24 14:56:59] INFO: ============================================================
[2026-02-24 14:56:59] INFO: ============================================================
[2026-02-24 14:56:59] INFO: Starting syntax checks...
[2026-02-24 14:56:59] INFO: ============================================================
[2026-02-24 14:56:59] INFO: Quality Check Started - 2026-02-24 14:56:59.154116
[2026-02-24 14:56:59] INFO: ============================================================
[2026-02-24 14:56:59] INFO: Starting syntax checks...
[2026-02-24 14:56:59] OK: ✓ All files passed syntax checks
[2026-02-24 14:56:59] INFO: Starting linting checks (PEP 8)...
[2026-02-24 14:56:59] OK: ✓ All files passed syntax checks
[2026-02-24 14:56:59] OK: ✓ All files passed syntax checks
[2026-02-24 14:56:59] INFO: Starting linting checks (PEP 8)...
[2026-02-24 14:56:59] INFO: Starting linting checks (PEP 8)...
[2026-02-24 14:58:30] OK: ✓ All files passed linting checks
[2026-02-24 14:58:30] INFO: Starting type checking (mypy)...
[2026-02-24 14:58:30] OK: ✓ All files passed linting checks
[2026-02-24 14:58:30] INFO: Starting type checking (mypy)...
[2026-02-24 14:58:31] OK: ✓ Type checking complete (no critical issues)
[2026-02-24 14:58:31] INFO: Starting import organization checks...
[2026-02-24 14:58:31] OK: ✓ Type checking complete (no critical issues)
[2026-02-24 14:58:31] INFO: Starting import organization checks...
[2026-02-24 14:58:37] OK: ✓ All files passed linting checks
[2026-02-24 14:58:37] INFO: Starting type checking (mypy)...
[2026-02-24 14:58:38] OK: ✓ Type checking complete (no critical issues)
[2026-02-24 14:58:38] INFO: Starting import organization checks...
[2026-02-24 14:58:53] OK: ✓ All imports properly organized
[2026-02-24 14:58:53] INFO: Running unit tests (pytest)...
[2026-02-24 14:58:53] ERROR: Some tests failed
[2026-02-24 14:58:53] INFO: Checking documentation (docstrings)...
[2026-02-24 14:58:54] OK: ✓ All imports properly organized
[2026-02-24 14:58:54] INFO: Running unit tests (pytest)...
[2026-02-24 14:58:54] ERROR: Some tests failed
[2026-02-24 14:58:54] INFO: Checking documentation (docstrings)...
[2026-02-24 14:58:56] WARNING: Documentation issue in agent1_ingestion\extractor.py
[2026-02-24 14:58:57] WARNING: Documentation issue in agent1_ingestion\extractor.py
[2026-02-24 14:58:57] WARNING: Documentation issue in agent1_ingestion\image_extractor.py
[2026-02-24 14:58:57] WARNING: Documentation issue in agent1_ingestion\image_extractor.py
[2026-02-24 14:58:57] WARNING: Documentation issue in agent1_ingestion\library.py
[2026-02-24 14:58:58] WARNING: Documentation issue in agent1_ingestion\library.py
