[2026-02-24 14:40:09] INFO: ============================================================
[2026-02-24 14:40:09] INFO: Quality Check Started - 2026-02-24 14:40:09.482356
[2026-02-24 14:40:09] INFO: ============================================================
[2026-02-24 14:40:09] INFO: Starting syntax checks...
[2026-02-24 14:40:09] INFO: ============================================================
[2026-02-24 14:40:09] INFO: Quality Check Started - 2026-02-24 14:40:09.490041
[2026-02-24 14:40:09] INFO: ============================================================
[2026-02-24 14:40:09] INFO: Starting syntax checks...
[2026-02-24 14:40:09] OK: ✓ All files passed syntax checks
[2026-02-24 14:40:09] INFO: Starting linting checks (PEP 8)...
[2026-02-24 14:40:09] OK: ✓ All files passed syntax checks
[2026-02-24 14:40:10] INFO: Starting linting checks (PEP 8)...
[2026-02-24 14:41:44] OK: ✓ All files passed linting checks
[2026-02-24 14:41:44] INFO: Starting type checking (mypy)...
[2026-02-24 14:41:44] OK: ✓ All files passed linting checks
[2026-02-24 14:41:44] INFO: Starting type checking (mypy)...
[2026-02-24 14:41:45] OK: ✓ Type checking complete (no critical issues)
[2026-02-24 14:41:45] INFO: Starting import organization checks...
[2026-02-24 14:41:45] OK: ✓ Type checking complete (no critical issues)
[2026-02-24 14:41:45] INFO: Starting import organization checks...
