[2026-02-24 14:48:58] INFO: ============================================================
[2026-02-24 14:48:58] INFO: Quality Check Started - 2026-02-24 14:48:58.923231
========
[2026-02-24 14:48:58] INFO: ============================================================
[2026-02-24 14:48:58] INFO: ============================================================
[2026-02-24 14:48:58] INFO: Quality Check Started - 2026-02-24 14:48:58.925896
[2026-02-24 14:48:58] INFO: Quality Check Started - 2026-02-24 14:48:58.927363
[2026-02-24 14:48:58] INFO: Starting syntax checks...
[2026-02-24 14:48:58] INFO: ============================================================
[2026-02-24 14:48:58] INFO: ============================================================
[2026-02-24 14:48:58] INFO: Starting syntax checks...
[2026-02-24 14:48:58] INFO: Starting syntax checks...
[2026-02-24 14:48:59] OK: ✓ All files passed syntax checks
[2026-02-24 14:48:59] OK: ✓ All files passed syntax checks
[2026-02-24 14:48:59] INFO: Starting linting checks (PEP 8)...
[2026-02-24 14:48:59] INFO: Starting linting checks (PEP 8)...
[2026-02-24 14:48:59] OK: ✓ All files passed syntax checks
[2026-02-24 14:48:59] INFO: Starting linting checks (PEP 8)...
[2026-02-24 14:50:38] OK: ✓ All files passed linting checks
[2026-02-24 14:50:38] INFO: Starting type checking (mypy)...
[2026-02-24 14:50:38] OK: ✓ All files passed linting checks
[2026-02-24 14:50:38] INFO: Starting type checking (mypy)...
[2026-02-24 14:50:39] OK: ✓ Type checking complete (no critical issues)
[2026-02-24 14:50:39] INFO: Starting import organization checks...
[2026-02-24 14:50:39] OK: ✓ Type checking complete (no critical issues)
[2026-02-24 14:50:39] INFO: Starting import organization checks...
[2026-02-24 14:50:46] OK: ✓ All files passed linting checks
[2026-02-24 14:50:46] INFO: Starting type checking (mypy)...
[2026-02-24 14:50:47] OK: ✓ Type checking complete (no critical issues)
[2026-02-24 14:50:47] INFO: Starting import organization checks...
