[2026-02-24 14:52:59] INFO: ============================================================
[2026-02-24 14:52:59] INFO: Quality Check Started - 2026-02-24 14:52:59.227361
[2026-02-24 14:52:59] INFO: ============================================================
[2026-02-24 14:52:59] INFO: ============================================================
[2026-02-24 14:52:59] INFO: Quality Check Started - 2026-02-24 14:52:59.232780
[2026-02-24 14:52:59] INFO: Starting syntax checks...
[2026-02-24 14:52:59] INFO: ============================================================
[2026-02-24 14:52:59] INFO: Starting syntax checks...
[2026-02-24 14:52:59] INFO: ============================================================
[2026-02-24 14:52:59] INFO: Quality Check Started - 2026-02-24 14:52:59.274499
[2026-02-24 14:52:59] INFO: ============================================================
[2026-02-24 14:52:59] INFO: Starting syntax checks...
[2026-02-24 14:53:00] OK: ✓ All files passed syntax checks
[2026-02-24 14:53:00] INFO: Starting linting checks (PEP 8)...
[2026-02-24 14:53:00] OK: ✓ All files passed syntax checks
[2026-02-24 14:53:00] INFO: Starting linting checks (PEP 8)...
[2026-02-24 14:53:00] OK: ✓ All files passed syntax checks
[2026-02-24 14:53:00] INFO: Starting linting checks (PEP 8)...
[2026-02-24 14:54:58] OK: ✓ All files passed linting checks
[2026-02-24 14:54:58] INFO: Starting type checking (mypy)...
[2026-02-24 14:54:58] OK: ✓ All files passed linting checks
[2026-02-24 14:54:58] INFO: Starting type checking (mypy)...
