[2026-02-24 18:32:57] INFO: ============================================================
[2026-02-24 18:32:57] INFO: Quality Check Started - 2026-02-24 18:32:57.619649
[2026-02-24 18:32:57] INFO: ============================================================
[2026-02-24 18:32:57] INFO: Starting syntax checks...
[2026-02-24 18:32:58] OK: ✓ All files passed syntax checks
[2026-02-24 18:32:58] INFO: Starting linting checks (PEP 8)...
[2026-02-24 21:16:27] WARNING: Pylint check timed out
[2026-02-24 21:16:27] OK: ✓ All files passed linting checks
[2026-02-24 21:16:27] INFO: Starting type checking (mypy)...
[2026-02-24 21:16:35] OK: ✓ Type checking complete (no critical issues)
[2026-02-24 21:16:35] INFO: Starting import organization checks...
[2026-02-24 21:17:03] WARNING: Import organization issue in agent3_scripts\script_generator.py
[2026-02-24 21:17:07] WARNING: Import organization issue in agent4_animation\main.py
[2026-02-24 21:17:12] WARNING: Import organization issue in agent4_animation\sketch_generator.py
[2026-02-24 21:17:29] WARNING: Import organization issue in streamlit_app.py
[2026-02-24 21:17:34] INFO: Running unit tests (pytest)...
[2026-02-24 21:17:34] ERROR: Some tests failed
[2026-02-24 21:17:34] INFO: Checking documentation (docstrings)...
[2026-02-24 21:17:38] WARNING: Documentation issue in agent1_ingestion\extractor.py
[2026-02-24 21:17:39] WARNING: Documentation issue in agent1_ingestion\image_extractor.py
[2026-02-24 21:17:39] WARNING: Documentation issue in agent1_ingestion\library.py
[2026-02-24 21:17:41] WARNING: Documentation issue in agent1_ingestion\main.py
[2026-02-24 21:17:42] WARNING: Documentation issue in agent1_ingestion\models.py
[2026-02-24 21:17:43] WARNING: Documentation issue in agent1_ingestion\structurer.py
[2026-02-24 21:17:44] WARNING: Documentation issue in agent2_analysis\analyzer.py
[2026-02-24 21:17:45] WARNING: Documentation issue in agent2_analysis\concept_extractor.py
[2026-02-24 21:17:46] WARNING: Documentation issue in agent2_analysis\image_analyzer.py
[2026-02-24 21:17:46] WARNING: Documentation issue in agent2_analysis\main.py
[2026-02-24 21:17:47] WARNING: Documentation issue in agent2_analysis\models.py
[2026-02-24 21:17:48] WARNING: Documentation issue in agent2_analysis\segmenter.py
[2026-02-24 21:17:49] WARNING: Documentation issue in agent2_analysis\visual_detector.py
