[2026-06-28 18:12:36] INFO: ============================================================
[2026-06-28 18:12:36] INFO: Quality Check Started - 2026-06-28 18:12:36.672730
[2026-06-28 18:12:36] INFO: ============================================================
[2026-06-28 18:12:36] INFO: Starting syntax checks...
[2026-06-28 18:12:38] OK: ✓ All files passed syntax checks
[2026-06-28 18:12:38] INFO: Starting linting checks (PEP 8)...
[2026-06-28 18:19:32] OK: ✓ All files passed linting checks
[2026-06-28 18:19:32] INFO: Starting type checking (mypy)...
[2026-06-28 18:19:34] OK: ✓ Type checking complete (no critical issues)
[2026-06-28 18:19:34] INFO: Starting import organization checks...
[2026-06-28 18:19:41] WARNING: Import organization issue in agent1_ingestion\extractor.py
[2026-06-28 18:20:00] WARNING: Import organization issue in agent3_scripts\script_generator.py
[2026-06-28 18:20:37] WARNING: Import organization issue in database\schemas.py
[2026-06-28 18:20:45] WARNING: Import organization issue in streamlit_app.py
[2026-06-28 18:20:55] WARNING: Import organization issue in worker\process.py
[2026-06-28 18:20:56] INFO: Running unit tests (pytest)...
[2026-06-28 18:21:14] OK: ✓ All tests passed
[2026-06-28 18:21:14] INFO: Checking documentation (docstrings)...
[2026-06-28 18:21:21] WARNING: Documentation issue in agent1_ingestion\extractor.py
[2026-06-28 18:21:23] WARNING: Documentation issue in agent1_ingestion\image_extractor.py
[2026-06-28 18:21:24] WARNING: Documentation issue in agent1_ingestion\library.py
[2026-06-28 18:21:25] WARNING: Documentation issue in agent1_ingestion\main.py
[2026-06-28 18:21:27] WARNING: Documentation issue in agent1_ingestion\models.py
[2026-06-28 18:21:28] WARNING: Documentation issue in agent1_ingestion\structurer.py
[2026-06-28 18:21:30] WARNING: Documentation issue in agent2_analysis\analyzer.py
[2026-06-28 18:21:32] WARNING: Documentation issue in agent2_analysis\concept_extractor.py
[2026-06-28 18:21:33] WARNING: Documentation issue in agent2_analysis\image_analyzer.py
[2026-06-28 18:21:35] WARNING: Documentation issue in agent2_analysis\main.py
[2026-06-28 18:21:36] WARNING: Documentation issue in agent2_analysis\models.py
[2026-06-28 18:21:38] WARNING: Documentation issue in agent2_analysis\segmenter.py
[2026-06-28 18:21:39] WARNING: Documentation issue in agent2_analysis\visual_detector.py
[2026-06-28 18:21:43] WARNING: Documentation issue in agent3_scripts\main.py
[2026-06-28 18:21:44] WARNING: Documentation issue in agent3_scripts\models.py
[2026-06-28 18:21:45] WARNING: Documentation issue in agent3_scripts\prompts.py
[2026-06-28 18:21:47] WARNING: Documentation issue in agent3_scripts\script_generator.py
[2026-06-28 18:21:49] WARNING: Documentation issue in agent4_image_gen\gemini_client.py
[2026-06-28 18:21:51] WARNING: Documentation issue in agent4_image_gen\image_generator.py
[2026-06-28 18:21:52] WARNING: Documentation issue in agent4_image_gen\main.py
[2026-06-28 18:21:53] WARNING: Documentation issue in agent4_image_gen\models.py
[2026-06-28 18:21:54] WARNING: Documentation issue in agent4_image_gen\pillow_fallback.py
[2026-06-28 18:21:57] WARNING: Documentation issue in agent5_slides\main.py
[2026-06-28 18:21:58] WARNING: Documentation issue in agent5_slides\models.py
[2026-06-28 18:21:59] WARNING: Documentation issue in agent5_slides\slide_builder.py
[2026-06-28 18:22:00] WARNING: Documentation issue in agent5_slides\slide_generator.py
[2026-06-28 18:22:03] WARNING: Documentation issue in agent6_animation\main.py
[2026-06-28 18:22:04] WARNING: Documentation issue in agent6_animation\models.py
[2026-06-28 18:22:06] WARNING: Documentation issue in agent6_animation\speedpaint.py
[2026-06-28 18:22:07] WARNING: Documentation issue in agent6_animation\tts_client.py
[2026-06-28 18:22:09] WARNING: Documentation issue in agent6_animation\video_composer.py
[2026-06-28 18:22:12] WARNING: Documentation issue in agent8_qa\answer_generator.py
[2026-06-28 18:22:14] WARNING: Documentation issue in agent8_qa\main.py
[2026-06-28 18:22:15] WARNING: Documentation issue in agent8_qa\models.py
[2026-06-28 18:22:17] WARNING: Documentation issue in agent8_qa\question_bank.py
[2026-06-28 18:22:18] WARNING: Documentation issue in agent8_qa\question_handler.py
[2026-06-28 18:22:19] WARNING: Documentation issue in agent8_qa\streaming_tts.py
[2026-06-28 18:22:22] WARNING: Documentation issue in agent8_render\main.py
[2026-06-28 18:22:23] WARNING: Documentation issue in agent8_render\models.py
[2026-06-28 18:22:24] WARNING: Documentation issue in agent8_render\renderer.py
[2026-06-28 18:22:26] WARNING: Documentation issue in background_quality_checker.py
[2026-06-28 18:22:29] WARNING: Documentation issue in database\db.py
[2026-06-28 18:22:30] WARNING: Documentation issue in database\schemas.py
[2026-06-28 18:22:31] WARNING: Documentation issue in issue_reporter.py
[2026-06-28 18:22:33] WARNING: Documentation issue in quality_checker.py
[2026-06-28 18:22:34] WARNING: Documentation issue in quality_control.py
[2026-06-28 18:22:35] WARNING: Documentation issue in quality_watcher.py
