[2026-02-24 15:52:16] INFO: ============================================================
[2026-02-24 15:52:16] INFO: Quality Check Started - 2026-02-24 15:52:16.916761
[2026-02-24 15:52:16] INFO: ============================================================
[2026-02-24 15:52:16] INFO: Starting syntax checks...
[2026-02-24 15:52:17] OK: ✓ All files passed syntax checks
[2026-02-24 15:52:17] INFO: Starting linting checks (PEP 8)...
[2026-02-24 15:52:32] OK: ✓ All files passed linting checks
[2026-02-24 15:52:32] INFO: Starting type checking (mypy)...
[2026-02-24 15:52:32] OK: ✓ Type checking complete (no critical issues)
[2026-02-24 15:52:32] INFO: Starting import organization checks...
[2026-02-24 15:52:44] OK: ✓ All imports properly organized
[2026-02-24 15:52:44] INFO: Running unit tests (pytest)...
[2026-02-24 15:52:58] OK: ✓ All tests passed
[2026-02-24 15:52:58] INFO: Checking documentation (docstrings)...
[2026-02-24 15:53:11] OK: ✓ Documentation checks complete
[2026-02-24 15:53:11] INFO: Checking code complexity...
[2026-02-24 15:53:11] OK: ✓ Code complexity acceptable


[1m======================================================================[0m
[1mQUALITY CHECK REPORT[0m
[1m======================================================================[0m

Timestamp: 2026-02-24 15:53:11
Project Root: C:\Users\Arieb\OneDrive\Desktop\Arieb folder\Edtech\sketchcast
Total Files Checked: 38
Total Issues Found: 0

[1mCheck Results:[0m
  syntax               [92m✓ PASS[0m
  linting              [92m✓ PASS[0m
  type_hints           [92m✓ PASS[0m
  imports              [92m✓ PASS[0m
  tests                [92m✓ PASS[0m
  docstrings           [92m✓ PASS[0m
  complexity           [92m✓ PASS[0m

[92m[1m✓ ALL CHECKS PASSED![0m

[1mLog File: C:\Users\Arieb\OneDrive\Desktop\Arieb folder\Edtech\sketchcast\quality_logs\quality_check_2026-02-24_15-52-16.log[0m
[1m======================================================================[0m

