[2026-06-28 18:17:59] INFO: ============================================================
[2026-06-28 18:17:59] INFO: Quality Check Started - 2026-06-28 18:17:59.443594
[2026-06-28 18:17:59] INFO: ============================================================
[2026-06-28 18:17:59] INFO: Starting syntax checks...
[2026-06-28 18:18:02] OK: ✓ All files passed syntax checks
[2026-06-28 18:18:02] INFO: Starting linting checks (PEP 8)...
[2026-06-28 18:26:23] OK: ✓ All files passed linting checks
[2026-06-28 18:26:23] INFO: Starting type checking (mypy)...
[2026-06-28 18:26:25] OK: ✓ Type checking complete (no critical issues)
[2026-06-28 18:26:25] INFO: Starting import organization checks...
[2026-06-28 18:26:28] WARNING: Import organization issue in agent1_ingestion\extractor.py
[2026-06-28 18:26:39] WARNING: Import organization issue in agent3_scripts\script_generator.py
[2026-06-28 18:27:01] WARNING: Import organization issue in database\schemas.py
[2026-06-28 18:27:06] WARNING: Import organization issue in streamlit_app.py
[2026-06-28 18:27:12] WARNING: Import organization issue in worker\process.py
[2026-06-28 18:27:12] INFO: Running unit tests (pytest)...
[2026-06-28 18:27:23] OK: ✓ All tests passed
[2026-06-28 18:27:23] INFO: Checking documentation (docstrings)...
[2026-06-28 18:27:27] WARNING: Documentation issue in agent1_ingestion\extractor.py
[2026-06-28 18:27:28] WARNING: Documentation issue in agent1_ingestion\image_extractor.py
[2026-06-28 18:27:29] WARNING: Documentation issue in agent1_ingestion\library.py
[2026-06-28 18:27:29] WARNING: Documentation issue in agent1_ingestion\main.py
[2026-06-28 18:27:30] WARNING: Documentation issue in agent1_ingestion\models.py
[2026-06-28 18:27:31] WARNING: Documentation issue in agent1_ingestion\structurer.py
[2026-06-28 18:27:32] WARNING: Documentation issue in agent2_analysis\analyzer.py
[2026-06-28 18:27:33] WARNING: Documentation issue in agent2_analysis\concept_extractor.py
[2026-06-28 18:27:34] WARNING: Documentation issue in agent2_analysis\image_analyzer.py
[2026-06-28 18:27:34] WARNING: Documentation issue in agent2_analysis\main.py
[2026-06-28 18:27:35] WARNING: Documentation issue in agent2_analysis\models.py
[2026-06-28 18:27:37] WARNING: Documentation issue in agent2_analysis\segmenter.py
[2026-06-28 18:27:37] WARNING: Documentation issue in agent2_analysis\visual_detector.py
[2026-06-28 18:27:39] WARNING: Documentation issue in agent3_scripts\main.py
[2026-06-28 18:27:39] WARNING: Documentation issue in agent3_scripts\models.py
[2026-06-28 18:27:40] WARNING: Documentation issue in agent3_scripts\prompts.py
[2026-06-28 18:27:41] WARNING: Documentation issue in agent3_scripts\script_generator.py
[2026-06-28 18:27:42] WARNING: Documentation issue in agent4_image_gen\gemini_client.py
[2026-06-28 18:27:43] WARNING: Documentation issue in agent4_image_gen\image_generator.py
[2026-06-28 18:27:44] WARNING: Documentation issue in agent4_image_gen\main.py
[2026-06-28 18:27:44] WARNING: Documentation issue in agent4_image_gen\models.py
[2026-06-28 18:27:45] WARNING: Documentation issue in agent4_image_gen\pillow_fallback.py
[2026-06-28 18:27:46] WARNING: Documentation issue in agent5_slides\main.py
[2026-06-28 18:27:47] WARNING: Documentation issue in agent5_slides\models.py
[2026-06-28 18:27:48] WARNING: Documentation issue in agent5_slides\slide_builder.py
[2026-06-28 18:27:49] WARNING: Documentation issue in agent5_slides\slide_generator.py
[2026-06-28 18:27:50] WARNING: Documentation issue in agent6_animation\main.py
[2026-06-28 18:27:51] WARNING: Documentation issue in agent6_animation\models.py
[2026-06-28 18:27:52] WARNING: Documentation issue in agent6_animation\speedpaint.py
[2026-06-28 18:27:52] WARNING: Documentation issue in agent6_animation\tts_client.py
[2026-06-28 18:27:53] WARNING: Documentation issue in agent6_animation\video_composer.py
[2026-06-28 18:27:55] WARNING: Documentation issue in agent8_qa\answer_generator.py
[2026-06-28 18:27:55] WARNING: Documentation issue in agent8_qa\main.py
[2026-06-28 18:27:56] WARNING: Documentation issue in agent8_qa\models.py
[2026-06-28 18:27:57] WARNING: Documentation issue in agent8_qa\question_bank.py
[2026-06-28 18:27:58] WARNING: Documentation issue in agent8_qa\question_handler.py
