[2026-02-24 14:54:59] INFO: ============================================================
[2026-02-24 14:54:59] INFO: Quality Check Started - 2026-02-24 14:54:59.215084
[2026-02-24 14:54:59] INFO: ============================================================
[2026-02-24 14:54:59] INFO: Starting syntax checks...
=================================
[2026-02-24 14:54:59] INFO: Quality Check Started - 2026-02-24 14:54:59.230710
[2026-02-24 14:54:59] INFO: ============================================================
[2026-02-24 14:54:59] INFO: Starting syntax checks...
[2026-02-24 14:54:59] INFO: ============================================================
[2026-02-24 14:54:59] INFO: Quality Check Started - 2026-02-24 14:54:59.254057
[2026-02-24 14:54:59] INFO: ============================================================
[2026-02-24 14:54:59] INFO: Starting syntax checks...
[2026-02-24 14:54:59] OK: ✓ All files passed syntax checks
[2026-02-24 14:54:59] INFO: Starting linting checks (PEP 8)...
[2026-02-24 14:55:00] OK: ✓ All files passed syntax checks
[2026-02-24 14:55:00] INFO: Starting linting checks (PEP 8)...
[2026-02-24 14:55:00] OK: ✓ All files passed syntax checks
[2026-02-24 14:55:00] INFO: Starting linting checks (PEP 8)...
[2026-02-24 14:56:37] OK: ✓ All files passed linting checks
[2026-02-24 14:56:37] INFO: Starting type checking (mypy)...
[2026-02-24 14:56:38] OK: ✓ Type checking complete (no critical issues)
[2026-02-24 14:56:38] INFO: Starting import organization checks...
[2026-02-24 14:56:42] OK: ✓ All files passed linting checks
[2026-02-24 14:56:42] INFO: Starting type checking (mypy)...
[2026-02-24 14:56:42] OK: ✓ Type checking complete (no critical issues)
[2026-02-24 14:56:42] INFO: Starting import organization checks...
[2026-02-24 14:56:43] OK: ✓ All files passed linting checks
[2026-02-24 14:56:43] INFO: Starting type checking (mypy)...
[2026-02-24 14:56:44] OK: ✓ Type checking complete (no critical issues)
[2026-02-24 14:56:44] INFO: Starting import organization checks...
