[2026-02-24 18:33:05] INFO: ============================================================
[2026-02-24 18:33:05] INFO: Quality Check Started - 2026-02-24 18:33:05.464504
[2026-02-24 18:33:05] INFO: ============================================================
[2026-02-24 18:33:05] INFO: Starting syntax checks...
[2026-02-24 18:33:05] INFO: ============================================================
[2026-02-24 18:33:05] INFO: Quality Check Started - 2026-02-24 18:33:05.880603
[2026-02-24 18:33:05] INFO: ============================================================
[2026-02-24 18:33:05] INFO: Starting syntax checks...
[2026-02-24 18:33:06] OK: ✓ All files passed syntax checks
[2026-02-24 18:33:06] INFO: Starting linting checks (PEP 8)...
[2026-02-24 18:33:06] OK: ✓ All files passed syntax checks
[2026-02-24 18:33:06] INFO: Starting linting checks (PEP 8)...
[2026-02-24 21:16:19] WARNING: Pylint check timed out
[2026-02-24 21:16:19] OK: ✓ All files passed linting checks
[2026-02-24 21:16:19] INFO: Starting type checking (mypy)...
[2026-02-24 21:16:22] WARNING: Pylint check timed out
[2026-02-24 21:16:22] OK: ✓ All files passed linting checks
[2026-02-24 21:16:22] INFO: Starting type checking (mypy)...
[2026-02-24 21:16:35] OK: ✓ Type checking complete (no critical issues)
[2026-02-24 21:16:35] INFO: Starting import organization checks...
[2026-02-24 21:16:35] OK: ✓ Type checking complete (no critical issues)
[2026-02-24 21:16:35] INFO: Starting import organization checks...
[2026-02-24 21:17:04] WARNING: Import organization issue in agent3_scripts\script_generator.py
[2026-02-24 21:17:08] WARNING: Import organization issue in agent4_animation\main.py
[2026-02-24 21:17:08] WARNING: Import organization issue in agent3_scripts\script_generator.py
[2026-02-24 21:17:12] WARNING: Import organization issue in agent4_animation\main.py
[2026-02-24 21:17:13] WARNING: Import organization issue in agent4_animation\sketch_generator.py
[2026-02-24 21:17:17] WARNING: Import organization issue in agent4_animation\sketch_generator.py
[2026-02-24 21:17:31] WARNING: Import organization issue in streamlit_app.py
[2026-02-24 21:17:33] WARNING: Import organization issue in streamlit_app.py
[2026-02-24 21:17:36] INFO: Running unit tests (pytest)...
[2026-02-24 21:17:36] ERROR: Some tests failed
[2026-02-24 21:17:36] INFO: Checking documentation (docstrings)...
[2026-02-24 21:17:37] INFO: Running unit tests (pytest)...
[2026-02-24 21:17:38] ERROR: Some tests failed
[2026-02-24 21:17:38] INFO: Checking documentation (docstrings)...
[2026-02-24 21:17:39] WARNING: Documentation issue in agent1_ingestion\extractor.py
[2026-02-24 21:17:40] WARNING: Documentation issue in agent1_ingestion\image_extractor.py
[2026-02-24 21:17:41] WARNING: Documentation issue in agent1_ingestion\extractor.py
[2026-02-24 21:17:41] WARNING: Documentation issue in agent1_ingestion\library.py
[2026-02-24 21:17:42] WARNING: Documentation issue in agent1_ingestion\image_extractor.py
[2026-02-24 21:17:43] WARNING: Documentation issue in agent1_ingestion\main.py
[2026-02-24 21:17:43] WARNING: Documentation issue in agent1_ingestion\library.py
[2026-02-24 21:17:43] WARNING: Documentation issue in agent1_ingestion\models.py
[2026-02-24 21:17:44] WARNING: Documentation issue in agent1_ingestion\main.py
[2026-02-24 21:17:44] WARNING: Documentation issue in agent1_ingestion\structurer.py
[2026-02-24 21:17:45] WARNING: Documentation issue in agent1_ingestion\models.py
[2026-02-24 21:17:45] WARNING: Documentation issue in agent1_ingestion\structurer.py
[2026-02-24 21:17:47] WARNING: Documentation issue in agent2_analysis\analyzer.py
[2026-02-24 21:17:47] WARNING: Documentation issue in agent2_analysis\concept_extractor.py
[2026-02-24 21:17:48] WARNING: Documentation issue in agent2_analysis\image_analyzer.py
[2026-02-24 21:17:49] WARNING: Documentation issue in agent2_analysis\main.py
[2026-02-24 21:17:49] WARNING: Documentation issue in agent2_analysis\models.py
[2026-02-24 21:17:51] WARNING: Documentation issue in agent2_analysis\segmenter.py
[2026-02-24 21:17:51] WARNING: Documentation issue in agent2_analysis\analyzer.py
[2026-02-24 21:17:52] WARNING: Documentation issue in agent2_analysis\visual_detector.py
[2026-02-24 21:17:52] WARNING: Documentation issue in agent2_analysis\concept_extractor.py
[2026-02-24 21:17:52] WARNING: Documentation issue in agent2_analysis\image_analyzer.py
[2026-02-24 21:17:53] WARNING: Documentation issue in agent3_scripts\main.py
[2026-02-24 21:17:53] WARNING: Documentation issue in agent2_analysis\main.py
[2026-02-24 21:17:54] WARNING: Documentation issue in agent3_scripts\models.py
[2026-02-24 21:17:54] WARNING: Documentation issue in agent2_analysis\models.py
[2026-02-24 21:17:54] WARNING: Documentation issue in agent3_scripts\prompts.py
[2026-02-24 21:17:55] WARNING: Documentation issue in agent3_scripts\script_generator.py
[2026-02-24 21:17:55] WARNING: Documentation issue in agent2_analysis\segmenter.py
[2026-02-24 21:17:55] WARNING: Documentation issue in agent2_analysis\visual_detector.py
[2026-02-24 21:17:56] WARNING: Documentation issue in agent4_animation\animation_builder.py
[2026-02-24 21:17:57] WARNING: Documentation issue in agent3_scripts\main.py
