[2026-02-24 15:17:45] INFO: ============================================================
[2026-02-24 15:17:45] INFO: Quality Check Started - 2026-02-24 15:17:45.177289
[2026-02-24 15:17:45] INFO: ============================================================
[2026-02-24 15:17:45] INFO: Starting syntax checks...
[2026-02-24 15:17:45] OK: ✓ All files passed syntax checks
[2026-02-24 15:17:45] INFO: Starting linting checks (PEP 8)...
[2026-02-24 15:17:57] OK: ✓ All files passed linting checks
[2026-02-24 15:17:57] INFO: Starting type checking (mypy)...
[2026-02-24 15:17:57] OK: ✓ Type checking complete (no critical issues)
[2026-02-24 15:17:57] INFO: Starting import organization checks...
[2026-02-24 15:18:09] OK: ✓ All imports properly organized
[2026-02-24 15:18:09] INFO: Running unit tests (pytest)...
[2026-02-24 15:18:25] OK: ✓ All tests passed
[2026-02-24 15:18:25] INFO: Checking documentation (docstrings)...
[2026-02-24 15:18:39] OK: ✓ Documentation checks complete
[2026-02-24 15:18:39] INFO: Checking code complexity...
[2026-02-24 15:18:39] OK: ✓ Code complexity acceptable


[1m======================================================================[0m
[1mQUALITY CHECK REPORT[0m
[1m======================================================================[0m

Timestamp: 2026-02-24 15:18:39
Project Root: C:\Users\Arieb\OneDrive\Desktop\Arieb folder\Edtech\sketchcast
Total Files Checked: 38
Total Issues Found: 0

[1mCheck Results:[0m
  syntax               [92m✓ PASS[0m
  linting              [92m✓ PASS[0m
  type_hints           [92m✓ PASS[0m
  imports              [92m✓ PASS[0m
  tests                [92m✓ PASS[0m
  docstrings           [92m✓ PASS[0m
  complexity           [92m✓ PASS[0m

[92m[1m✓ ALL CHECKS PASSED![0m

[1mLog File: C:\Users\Arieb\OneDrive\Desktop\Arieb folder\Edtech\sketchcast\quality_logs\quality_check_2026-02-24_15-17-45.log[0m
[1m======================================================================[0m

