[2026-02-24 14:32:13] INFO: ============================================================
[2026-02-24 14:32:13] INFO: Quality Check Started - 2026-02-24 14:32:13.873093
[2026-02-24 14:32:13] INFO: ============================================================
[2026-02-24 14:32:13] INFO: Starting syntax checks...
[2026-02-24 14:32:14] OK: ✓ All files passed syntax checks
[2026-02-24 14:32:14] INFO: Starting linting checks (PEP 8)...
[2026-02-24 14:33:21] OK: ✓ All files passed linting checks
[2026-02-24 14:33:21] INFO: Starting type checking (mypy)...
[2026-02-24 14:33:22] OK: ✓ Type checking complete (no critical issues)
[2026-02-24 14:33:22] INFO: Starting import organization checks...
[2026-02-24 14:33:24] WARNING: Import organization issue in agent1_ingestion\image_extractor.py
[2026-02-24 14:33:25] WARNING: Import organization issue in agent1_ingestion\main.py
[2026-02-24 14:33:26] WARNING: Import organization issue in agent1_ingestion\models.py
[2026-02-24 14:33:26] WARNING: Import organization issue in agent1_ingestion\structurer.py
[2026-02-24 14:33:27] WARNING: Import organization issue in agent2_analysis\analyzer.py
[2026-02-24 14:33:28] WARNING: Import organization issue in agent2_analysis\main.py
[2026-02-24 14:33:31] WARNING: Import organization issue in background_quality_checker.py
[2026-02-24 14:33:33] WARNING: Import organization issue in issue_reporter.py
[2026-02-24 14:33:33] WARNING: Import organization issue in quality_checker.py
[2026-02-24 14:33:34] WARNING: Import organization issue in quality_control.py
[2026-02-24 14:33:34] WARNING: Import organization issue in quality_watcher.py
[2026-02-24 14:33:36] WARNING: Import organization issue in streamlit_app.py
[2026-02-24 14:33:37] WARNING: Import organization issue in tests\conftest.py
[2026-02-24 14:33:38] INFO: Running unit tests (pytest)...
[2026-02-24 14:33:38] ERROR: Some tests failed
[2026-02-24 14:33:38] INFO: Checking documentation (docstrings)...
[2026-02-24 14:33:40] WARNING: Documentation issue in agent1_ingestion\extractor.py
[2026-02-24 14:33:41] WARNING: Documentation issue in agent1_ingestion\image_extractor.py
[2026-02-24 14:33:41] WARNING: Documentation issue in agent1_ingestion\library.py
[2026-02-24 14:33:41] WARNING: Documentation issue in agent1_ingestion\main.py
[2026-02-24 14:33:42] WARNING: Documentation issue in agent1_ingestion\models.py
[2026-02-24 14:33:43] WARNING: Documentation issue in agent1_ingestion\structurer.py
[2026-02-24 14:33:44] WARNING: Documentation issue in agent2_analysis\analyzer.py
[2026-02-24 14:33:44] WARNING: Documentation issue in agent2_analysis\concept_extractor.py
[2026-02-24 14:33:45] WARNING: Documentation issue in agent2_analysis\image_analyzer.py
[2026-02-24 14:33:45] WARNING: Documentation issue in agent2_analysis\main.py
[2026-02-24 14:33:46] WARNING: Documentation issue in agent2_analysis\models.py
[2026-02-24 14:33:47] WARNING: Documentation issue in agent2_analysis\segmenter.py
[2026-02-24 14:33:47] WARNING: Documentation issue in agent2_analysis\visual_detector.py
[2026-02-24 14:33:48] WARNING: Documentation issue in background_quality_checker.py
[2026-02-24 14:33:49] WARNING: Documentation issue in database\db.py
[2026-02-24 14:33:50] WARNING: Documentation issue in database\schemas.py
[2026-02-24 14:33:51] WARNING: Documentation issue in issue_reporter.py
[2026-02-24 14:33:51] WARNING: Documentation issue in quality_checker.py
[2026-02-24 14:33:52] WARNING: Documentation issue in quality_control.py
[2026-02-24 14:33:52] WARNING: Documentation issue in quality_watcher.py
[2026-02-24 14:33:53] WARNING: Documentation issue in shared\claude_client.py
[2026-02-24 14:33:54] WARNING: Documentation issue in streamlit_app.py
[2026-02-24 14:33:55] WARNING: Documentation issue in tests\conftest.py
[2026-02-24 14:33:55] WARNING: Documentation issue in tests\generate_test_pdf.py
[2026-02-24 14:33:56] INFO: Checking code complexity...
[2026-02-24 14:33:59] OK: ✓ Code complexity acceptable
[2026-02-24 14:33:59] INFO: 
============================================================
[2026-02-24 14:33:59] INFO: Attempting Auto-Fixes...
[2026-02-24 14:33:59] INFO: ============================================================
[2026-02-24 14:33:59] INFO: Auto-fixing import organization...
[2026-02-24 14:34:00] OK: ✓ Imports fixed
[2026-02-24 14:34:00] INFO: 
Re-running checks after fixes...
[2026-02-24 14:34:00] INFO: ============================================================
[2026-02-24 14:34:00] INFO: Quality Check Started - 2026-02-24 14:34:00.295281
[2026-02-24 14:34:00] INFO: ============================================================
[2026-02-24 14:34:00] INFO: Starting syntax checks...
[2026-02-24 14:34:00] OK: ✓ All files passed syntax checks
[2026-02-24 14:34:00] INFO: Starting linting checks (PEP 8)...
[2026-02-24 14:35:06] OK: ✓ All files passed linting checks
[2026-02-24 14:35:06] INFO: Starting type checking (mypy)...
[2026-02-24 14:35:07] OK: ✓ Type checking complete (no critical issues)
[2026-02-24 14:35:07] INFO: Starting import organization checks...
[2026-02-24 14:35:23] OK: ✓ All imports properly organized
[2026-02-24 14:35:23] INFO: Running unit tests (pytest)...
[2026-02-24 14:35:23] ERROR: Some tests failed
[2026-02-24 14:35:23] INFO: Checking documentation (docstrings)...
[2026-02-24 14:35:25] WARNING: Documentation issue in agent1_ingestion\extractor.py
[2026-02-24 14:35:25] WARNING: Documentation issue in agent1_ingestion\image_extractor.py
[2026-02-24 14:35:26] WARNING: Documentation issue in agent1_ingestion\library.py
[2026-02-24 14:35:27] WARNING: Documentation issue in agent1_ingestion\main.py
[2026-02-24 14:35:27] WARNING: Documentation issue in agent1_ingestion\models.py
[2026-02-24 14:35:27] WARNING: Documentation issue in agent1_ingestion\structurer.py
[2026-02-24 14:35:28] WARNING: Documentation issue in agent2_analysis\analyzer.py
[2026-02-24 14:35:29] WARNING: Documentation issue in agent2_analysis\concept_extractor.py
[2026-02-24 14:35:29] WARNING: Documentation issue in agent2_analysis\image_analyzer.py
[2026-02-24 14:35:30] WARNING: Documentation issue in agent2_analysis\main.py
[2026-02-24 14:35:30] WARNING: Documentation issue in agent2_analysis\models.py
[2026-02-24 14:35:31] WARNING: Documentation issue in agent2_analysis\segmenter.py
[2026-02-24 14:35:32] WARNING: Documentation issue in agent2_analysis\visual_detector.py
[2026-02-24 14:35:32] WARNING: Documentation issue in background_quality_checker.py
[2026-02-24 14:35:33] WARNING: Documentation issue in database\db.py
[2026-02-24 14:35:33] WARNING: Documentation issue in database\schemas.py
[2026-02-24 14:35:34] WARNING: Documentation issue in issue_reporter.py
[2026-02-24 14:35:35] WARNING: Documentation issue in quality_checker.py
[2026-02-24 14:35:35] WARNING: Documentation issue in quality_control.py
[2026-02-24 14:35:36] WARNING: Documentation issue in quality_watcher.py
[2026-02-24 14:35:36] WARNING: Documentation issue in shared\claude_client.py
[2026-02-24 14:35:37] WARNING: Documentation issue in streamlit_app.py
[2026-02-24 14:35:38] WARNING: Documentation issue in tests\conftest.py
[2026-02-24 14:35:38] WARNING: Documentation issue in tests\generate_test_pdf.py
[2026-02-24 14:35:39] INFO: Checking code complexity...
[2026-02-24 14:35:40] OK: ✓ Code complexity acceptable


[1m======================================================================[0m
[1mQUALITY CHECK REPORT[0m
[1m======================================================================[0m

Timestamp: 2026-02-24 14:35:40
Project Root: C:\Users\Arieb\OneDrive\Desktop\Arieb folder\Edtech\sketchcast
Total Files Checked: 33
Total Issues Found: 25

[1mCheck Results:[0m
  syntax               [92m✓ PASS[0m
  linting              [92m✓ PASS[0m
  type_hints           [92m✓ PASS[0m
  imports              [92m✓ PASS[0m
  tests                [91m✗ FAIL (1)[0m
  docstrings           [91m✗ FAIL (24)[0m
  complexity           [92m✓ PASS[0m

[1mFixes Applied:[0m
  [92m•[0m Imports reorganized

[91m[1m✗ ISSUES REMAIN - Review details below[0m

[1mDetailed Issues:[0m

[93mTESTS:[0m
  [96mtests[0m:
    - 

[93mDOCSTRINGS:[0m
  [96magent1_ingestion\extractor.py[0m:
    - C:\Users\Arieb\OneDrive\Desktop\Arieb folder\Edtech\sketchcast\agent1_ingestion\extractor.py:15 in public class `FontInfo`:
    -         D101: Missing docstring in public class
    - C:\Users\Arieb\OneDrive\Desktop\Arieb folder\Edtech\sketchcast\agent1_ingestion\extractor.py:22 in public class `TextSpan`:
  [96magent1_ingestion\image_extractor.py[0m:
    - C:\Users\Arieb\OneDrive\Desktop\Arieb folder\Edtech\sketchcast\agent1_ingestion\image_extractor.py:15 in public class `ExtractedImage`:
    -         D101: Missing docstring in public class
    - C:\Users\Arieb\OneDrive\Desktop\Arieb folder\Edtech\sketchcast\agent1_ingestion\image_extractor.py:27 in private function `_get_context`:
  [96magent1_ingestion\library.py[0m:
    - C:\Users\Arieb\OneDrive\Desktop\Arieb folder\Edtech\sketchcast\agent1_ingestion\library.py:29 in public function `check_duplicate`:
    -         D212: Multi-line docstring summary should start at the first line
  [96magent1_ingestion\main.py[0m:
    - C:\Users\Arieb\OneDrive\Desktop\Arieb folder\Edtech\sketchcast\agent1_ingestion\main.py:35 in public function `lifespan`:
    -         D103: Missing docstring in public function
    - C:\Users\Arieb\OneDrive\Desktop\Arieb folder\Edtech\sketchcast\agent1_ingestion\main.py:138 in public function `health_check`:
  [96magent1_ingestion\models.py[0m:
    - C:\Users\Arieb\OneDrive\Desktop\Arieb folder\Edtech\sketchcast\agent1_ingestion\models.py:14 in public class `BookStatus`:
    -         D101: Missing docstring in public class
    - C:\Users\Arieb\OneDrive\Desktop\Arieb folder\Edtech\sketchcast\agent1_ingestion\models.py:20 in public class `UploaderRole`:
  [96magent1_ingestion\structurer.py[0m:
    - C:\Users\Arieb\OneDrive\Desktop\Arieb folder\Edtech\sketchcast\agent1_ingestion\structurer.py:255 in public function `structure_book`:
    -         D212: Multi-line docstring summary should start at the first line
  [96magent2_analysis\analyzer.py[0m:
    - C:\Users\Arieb\OneDrive\Desktop\Arieb folder\Edtech\sketchcast\agent2_analysis\analyzer.py:1 at module level:
    -         D213: Multi-line docstring summary should start at the second line
    - C:\Users\Arieb\OneDrive\Desktop\Arieb folder\Edtech\sketchcast\agent2_analysis\analyzer.py:32 in public function `run_full_analysis`:
  [96magent2_analysis\concept_extractor.py[0m:
    - C:\Users\Arieb\OneDrive\Desktop\Arieb folder\Edtech\sketchcast\agent2_analysis\concept_extractor.py:1 at module level:
    -         D213: Multi-line docstring summary should start at the second line
  [96magent2_analysis\image_analyzer.py[0m:
    - C:\Users\Arieb\OneDrive\Desktop\Arieb folder\Edtech\sketchcast\agent2_analysis\image_analyzer.py:53 in public function `convert_to_supported_format`:
    -         D205: 1 blank line required between summary line and description (found 0)
    - C:\Users\Arieb\OneDrive\Desktop\Arieb folder\Edtech\sketchcast\agent2_analysis\image_analyzer.py:53 in public function `convert_to_supported_format`:
  [96magent2_analysis\main.py[0m:
    - C:\Users\Arieb\OneDrive\Desktop\Arieb folder\Edtech\sketchcast\agent2_analysis\main.py:20 in public function `health`:
    -         D103: Missing docstring in public function
  [96magent2_analysis\models.py[0m:
    - C:\Users\Arieb\OneDrive\Desktop\Arieb folder\Edtech\sketchcast\agent2_analysis\models.py:13 in public class `AnalysisStatus`:
    -         D101: Missing docstring in public class
    - C:\Users\Arieb\OneDrive\Desktop\Arieb folder\Edtech\sketchcast\agent2_analysis\models.py:20 in public class `DifficultyLevel`:
  [96magent2_analysis\segmenter.py[0m:
    - C:\Users\Arieb\OneDrive\Desktop\Arieb folder\Edtech\sketchcast\agent2_analysis\segmenter.py:7 in public function `build_single_episode`:
    -         D212: Multi-line docstring summary should start at the first line
  [96magent2_analysis\visual_detector.py[0m:
    - C:\Users\Arieb\OneDrive\Desktop\Arieb folder\Edtech\sketchcast\agent2_analysis\visual_detector.py:1 at module level:
    -         D213: Multi-line docstring summary should start at the second line
  [96mbackground_quality_checker.py[0m:
    - C:\Users\Arieb\OneDrive\Desktop\Arieb folder\Edtech\sketchcast\background_quality_checker.py:1 at module level:
    -         D205: 1 blank line required between summary line and description (found 0)
    - C:\Users\Arieb\OneDrive\Desktop\Arieb folder\Edtech\sketchcast\background_quality_checker.py:1 at module level:
  [96mdatabase\db.py[0m:
    - C:\Users\Arieb\OneDrive\Desktop\Arieb folder\Edtech\sketchcast\database\db.py:9 in public class `Base`:
    -         D101: Missing docstring in public class
    - C:\Users\Arieb\OneDrive\Desktop\Arieb folder\Edtech\sketchcast\database\db.py:23 in public function `get_db`:
  [96mdatabase\schemas.py[0m:
    - C:\Users\Arieb\OneDrive\Desktop\Arieb folder\Edtech\sketchcast\database\schemas.py:17 in public class `Book`:
    -         D101: Missing docstring in public class
    - C:\Users\Arieb\OneDrive\Desktop\Arieb folder\Edtech\sketchcast\database\schemas.py:48 in public class `Chapter`:
  [96missue_reporter.py[0m:
    - C:\Users\Arieb\OneDrive\Desktop\Arieb folder\Edtech\sketchcast\issue_reporter.py:1 at module level:
    -         D205: 1 blank line required between summary line and description (found 0)
    - C:\Users\Arieb\OneDrive\Desktop\Arieb folder\Edtech\sketchcast\issue_reporter.py:1 at module level:
  [96mquality_checker.py[0m:
    - C:\Users\Arieb\OneDrive\Desktop\Arieb folder\Edtech\sketchcast\quality_checker.py:1 at module level:
    -         D205: 1 blank line required between summary line and description (found 0)
    - C:\Users\Arieb\OneDrive\Desktop\Arieb folder\Edtech\sketchcast\quality_checker.py:1 at module level:
  [96mquality_control.py[0m:
    - C:\Users\Arieb\OneDrive\Desktop\Arieb folder\Edtech\sketchcast\quality_control.py:1 at module level:
    -         D205: 1 blank line required between summary line and description (found 0)
    - C:\Users\Arieb\OneDrive\Desktop\Arieb folder\Edtech\sketchcast\quality_control.py:1 at module level:
  [96mquality_watcher.py[0m:
    - C:\Users\Arieb\OneDrive\Desktop\Arieb folder\Edtech\sketchcast\quality_watcher.py:1 at module level:
    -         D205: 1 blank line required between summary line and description (found 0)
    - C:\Users\Arieb\OneDrive\Desktop\Arieb folder\Edtech\sketchcast\quality_watcher.py:1 at module level:
  [96mshared\claude_client.py[0m:
    - C:\Users\Arieb\OneDrive\Desktop\Arieb folder\Edtech\sketchcast\shared\claude_client.py:34 in public class `ClaudeClient`:
    -         D203: 1 blank line required before class docstring (found 0)
    - C:\Users\Arieb\OneDrive\Desktop\Arieb folder\Edtech\sketchcast\shared\claude_client.py:36 in public method `__init__`:
  [96mstreamlit_app.py[0m:
    - C:\Users\Arieb\OneDrive\Desktop\Arieb folder\Edtech\sketchcast\streamlit_app.py:1 at module level:
    -         D205: 1 blank line required between summary line and description (found 0)
    - C:\Users\Arieb\OneDrive\Desktop\Arieb folder\Edtech\sketchcast\streamlit_app.py:1 at module level:
  [96mtests\conftest.py[0m:
    - C:\Users\Arieb\OneDrive\Desktop\Arieb folder\Edtech\sketchcast\tests\conftest.py:29 in public function `override_get_db`:
    -         D103: Missing docstring in public function
    - C:\Users\Arieb\OneDrive\Desktop\Arieb folder\Edtech\sketchcast\tests\conftest.py:54 in public function `client`:
  [96mtests\generate_test_pdf.py[0m:
    - C:\Users\Arieb\OneDrive\Desktop\Arieb folder\Edtech\sketchcast\tests\generate_test_pdf.py:9 in public function `create_test_pdf`:
    -         D103: Missing docstring in public function

[1mLog File: C:\Users\Arieb\OneDrive\Desktop\Arieb folder\Edtech\sketchcast\quality_logs\quality_check_2026-02-24_14-32-13.log[0m
[1m======================================================================[0m

