[2026-02-24 16:23:00] INFO: ============================================================
[2026-02-24 16:23:00] INFO: Quality Check Started - 2026-02-24 16:23:00.737751
[2026-02-24 16:23:00] INFO: ============================================================
[2026-02-24 16:23:00] INFO: Starting syntax checks...
[2026-02-24 16:23:00] INFO: ============================================================
[2026-02-24 16:23:00] INFO: Quality Check Started - 2026-02-24 16:23:00.891045
[2026-02-24 16:23:00] INFO: ============================================================
[2026-02-24 16:23:00] INFO: Starting syntax checks...
[2026-02-24 16:23:01] OK: ✓ All files passed syntax checks
[2026-02-24 16:23:01] INFO: Starting linting checks (PEP 8)...
[2026-02-24 16:23:01] OK: ✓ All files passed syntax checks
[2026-02-24 16:23:01] INFO: Starting linting checks (PEP 8)...
[2026-02-24 16:47:55] WARNING: Pylint check timed out
[2026-02-24 16:47:56] OK: ✓ All files passed linting checks
[2026-02-24 16:47:56] INFO: Starting type checking (mypy)...
[2026-02-24 16:48:04] OK: ✓ Type checking complete (no critical issues)
[2026-02-24 16:48:04] INFO: Starting import organization checks...
[2026-02-24 16:48:38] WARNING: Import organization issue in agent3_scripts\script_generator.py
[2026-02-24 16:48:52] WARNING: Import organization issue in streamlit_app.py
[2026-02-24 16:48:56] INFO: Running unit tests (pytest)...
[2026-02-24 16:48:56] ERROR: Some tests failed
[2026-02-24 16:48:56] INFO: Checking documentation (docstrings)...
[2026-02-24 16:49:00] WARNING: Documentation issue in agent1_ingestion\extractor.py
[2026-02-24 16:49:02] WARNING: Documentation issue in agent1_ingestion\image_extractor.py
