[2026-02-24 14:50:59] INFO: ============================================================
[2026-02-24 14:50:59] INFO: Quality Check Started - 2026-02-24 14:50:59.126908
[2026-02-24 14:50:59] INFO: ============================================================
[2026-02-24 14:50:59] INFO: Starting syntax checks...
[2026-02-24 14:50:59] INFO: ============================================================
[2026-02-24 14:50:59] INFO: Quality Check Started - 2026-02-24 14:50:59.143911
[2026-02-24 14:50:59] INFO: ============================================================
[2026-02-24 14:50:59] INFO: ============================================================
[2026-02-24 14:50:59] INFO: Quality Check Started - 2026-02-24 14:50:59.151792
[2026-02-24 14:50:59] INFO: ============================================================
[2026-02-24 14:50:59] INFO: Starting syntax checks...
[2026-02-24 14:50:59] OK: ✓ All files passed syntax checks
[2026-02-24 14:50:59] INFO: Starting linting checks (PEP 8)...
[2026-02-24 14:50:59] OK: ✓ All files passed syntax checks
[2026-02-24 14:50:59] INFO: Starting linting checks (PEP 8)...
[2026-02-24 14:50:59] OK: ✓ All files passed syntax checks
[2026-02-24 14:50:59] INFO: Starting linting checks (PEP 8)...
[2026-02-24 14:52:54] OK: ✓ All files passed linting checks
[2026-02-24 14:52:54] INFO: Starting type checking (mypy)...
[2026-02-24 14:52:54] OK: ✓ All files passed linting checks
[2026-02-24 14:52:54] INFO: Starting type checking (mypy)...
[2026-02-24 14:52:55] OK: ✓ Type checking complete (no critical issues)
[2026-02-24 14:52:55] INFO: Starting import organization checks...
[2026-02-24 14:52:55] OK: ✓ All files passed linting checks
[2026-02-24 14:52:56] INFO: Starting type checking (mypy)...
[2026-02-24 14:52:56] OK: ✓ Type checking complete (no critical issues)
[2026-02-24 14:52:56] INFO: Starting import organization checks...
[2026-02-24 14:52:57] OK: ✓ Type checking complete (no critical issues)
[2026-02-24 14:52:57] INFO: Starting import organization checks...
