[2026-02-24 15:00:59] INFO: ============================================================
[2026-02-24 15:00:59] INFO: Quality Check Started - 2026-02-24 15:00:59.128273
[2026-02-24 15:00:59] INFO: ============================================================
[2026-02-24 15:00:59] INFO: Starting syntax checks...
[2026-02-24 15:00:59] INFO: ============================================================
[2026-02-24 15:00:59] INFO: Quality Check Started - 2026-02-24 15:00:59.135038
[2026-02-24 15:00:59] INFO: ============================================================
[2026-02-24 15:00:59] INFO: Starting syntax checks...
[2026-02-24 15:00:59] OK: ✓ All files passed syntax checks
[2026-02-24 15:00:59] INFO: Starting linting checks (PEP 8)...
[2026-02-24 15:00:59] OK: ✓ All files passed syntax checks
[2026-02-24 15:00:59] INFO: Starting linting checks (PEP 8)...
[2026-02-24 15:02:48] OK: ✓ All files passed linting checks
[2026-02-24 15:02:48] INFO: Starting type checking (mypy)...
[2026-02-24 15:02:49] OK: ✓ Type checking complete (no critical issues)
[2026-02-24 15:02:49] INFO: Starting import organization checks...
[2026-02-24 15:02:55] OK: ✓ All files passed linting checks
[2026-02-24 15:02:55] INFO: Starting type checking (mypy)...
[2026-02-24 15:02:56] OK: ✓ Type checking complete (no critical issues)
[2026-02-24 15:02:56] INFO: Starting import organization checks...
