[2026-02-24 14:42:09] INFO: ============================================================
[2026-02-24 14:42:09] INFO: ============================================================
[2026-02-24 14:42:09] INFO: Quality Check Started - 2026-02-24 14:42:09.482755
[2026-02-24 14:42:09] INFO: ============================================================
[2026-02-24 14:42:09] INFO: Starting syntax checks...
[2026-02-24 14:42:09] OK: ✓ All files passed syntax checks
[2026-02-24 14:42:09] INFO: Starting linting checks (PEP 8)...
[2026-02-24 14:42:09] OK: ✓ All files passed syntax checks
[2026-02-24 14:42:09] INFO: Starting linting checks (PEP 8)...
[2026-02-24 14:43:38] OK: ✓ All files passed linting checks
[2026-02-24 14:43:38] INFO: Starting type checking (mypy)...
[2026-02-24 14:43:38] OK: ✓ All files passed linting checks
[2026-02-24 14:43:38] INFO: Starting type checking (mypy)...
[2026-02-24 14:43:39] OK: ✓ Type checking complete (no critical issues)
[2026-02-24 14:43:39] INFO: Starting import organization checks...
[2026-02-24 14:43:39] OK: ✓ Type checking complete (no critical issues)
[2026-02-24 14:43:39] INFO: Starting import organization checks...
[2026-02-24 14:43:57] OK: ✓ All imports properly organized
[2026-02-24 14:43:57] INFO: Running unit tests (pytest)...
[2026-02-24 14:43:58] ERROR: Some tests failed
[2026-02-24 14:43:58] INFO: Checking documentation (docstrings)...
[2026-02-24 14:44:00] WARNING: Documentation issue in agent1_ingestion\extractor.py
[2026-02-24 14:44:00] WARNING: Documentation issue in agent1_ingestion\image_extractor.py
[2026-02-24 14:44:01] WARNING: Documentation issue in agent1_ingestion\library.py
[2026-02-24 14:44:02] WARNING: Documentation issue in agent1_ingestion\main.py
[2026-02-24 14:44:02] WARNING: Documentation issue in agent1_ingestion\models.py
[2026-02-24 14:44:03] WARNING: Documentation issue in agent1_ingestion\structurer.py
[2026-02-24 14:44:03] OK: ✓ All imports properly organized
[2026-02-24 14:44:03] INFO: Running unit tests (pytest)...
[2026-02-24 14:44:03] ERROR: Some tests failed
[2026-02-24 14:44:03] INFO: Checking documentation (docstrings)...
[2026-02-24 14:44:04] WARNING: Documentation issue in agent2_analysis\analyzer.py
[2026-02-24 14:44:05] WARNING: Documentation issue in agent2_analysis\concept_extractor.py
[2026-02-24 14:44:05] WARNING: Documentation issue in agent2_analysis\image_analyzer.py
[2026-02-24 14:44:06] WARNING: Documentation issue in agent1_ingestion\extractor.py
[2026-02-24 14:44:06] WARNING: Documentation issue in agent2_analysis\main.py
[2026-02-24 14:44:06] WARNING: Documentation issue in agent1_ingestion\image_extractor.py
[2026-02-24 14:44:07] WARNING: Documentation issue in agent2_analysis\models.py
[2026-02-24 14:44:07] WARNING: Documentation issue in agent1_ingestion\library.py
[2026-02-24 14:44:08] WARNING: Documentation issue in agent1_ingestion\main.py
[2026-02-24 14:44:08] WARNING: Documentation issue in agent2_analysis\segmenter.py
[2026-02-24 14:44:09] WARNING: Documentation issue in agent1_ingestion\models.py
