[2026-02-24 18:07:24] INFO: ============================================================
[2026-02-24 18:07:24] INFO: Quality Check Started - 2026-02-24 18:07:24.886142
[2026-02-24 18:07:24] INFO: ============================================================
[2026-02-24 18:07:24] INFO: Starting syntax checks...
[2026-02-24 18:07:25] OK: ✓ All files passed syntax checks
[2026-02-24 18:07:25] INFO: Starting linting checks (PEP 8)...
[2026-02-24 18:07:40] OK: ✓ All files passed linting checks
[2026-02-24 18:07:40] INFO: Starting type checking (mypy)...
[2026-02-24 18:07:40] OK: ✓ Type checking complete (no critical issues)
[2026-02-24 18:07:40] INFO: Starting import organization checks...
[2026-02-24 18:07:53] OK: ✓ All imports properly organized
[2026-02-24 18:07:53] INFO: Running unit tests (pytest)...
[2026-02-24 18:08:06] OK: ✓ All tests passed
[2026-02-24 18:08:06] INFO: Checking documentation (docstrings)...
[2026-02-24 18:08:20] OK: ✓ Documentation checks complete
[2026-02-24 18:08:20] INFO: Checking code complexity...
[2026-02-24 18:08:20] OK: ✓ Code complexity acceptable


[1m======================================================================[0m
[1mQUALITY CHECK REPORT[0m
[1m======================================================================[0m

Timestamp: 2026-02-24 18:08:20
Project Root: C:\Users\Arieb\OneDrive\Desktop\Arieb folder\Edtech\sketchcast
Total Files Checked: 47
Total Issues Found: 0

[1mCheck Results:[0m
  syntax               [92m✓ PASS[0m
  linting              [92m✓ PASS[0m
  type_hints           [92m✓ PASS[0m
  imports              [92m✓ PASS[0m
  tests                [92m✓ PASS[0m
  docstrings           [92m✓ PASS[0m
  complexity           [92m✓ PASS[0m

[92m[1m✓ ALL CHECKS PASSED![0m

[1mLog File: C:\Users\Arieb\OneDrive\Desktop\Arieb folder\Edtech\sketchcast\quality_logs\quality_check_2026-02-24_18-07-24.log[0m
[1m======================================================================[0m

