[2026-02-25 16:29:57] INFO: ============================================================
[2026-02-25 16:29:57] INFO: Quality Check Started - 2026-02-25 16:29:57.557489
[2026-02-25 16:29:57] INFO: ============================================================
[2026-02-25 16:29:57] INFO: Starting syntax checks...
[2026-02-25 16:29:58] OK: ✓ All files passed syntax checks
[2026-02-25 16:29:58] INFO: Starting linting checks (PEP 8)...
[2026-02-26 04:13:49] WARNING: Pylint check timed out
[2026-02-26 04:13:49] OK: ✓ All files passed linting checks
[2026-02-26 04:13:49] INFO: Starting type checking (mypy)...
[2026-02-26 04:13:53] OK: ✓ Type checking complete (no critical issues)
[2026-02-26 04:13:53] INFO: Starting import organization checks...
[2026-02-26 04:13:59] WARNING: Import organization issue in agent1_ingestion\extractor.py
[2026-02-26 04:14:19] WARNING: Import organization issue in agent3_scripts\script_generator.py
[2026-02-26 04:14:24] WARNING: Import organization issue in agent4_animation\main.py
[2026-02-26 04:14:30] WARNING: Import organization issue in agent4_animation\sketch_generator.py
[2026-02-26 04:14:40] WARNING: Import organization issue in streamlit_app.py
[2026-02-26 04:14:45] INFO: Running unit tests (pytest)...
[2026-02-26 04:14:45] ERROR: Some tests failed
[2026-02-26 04:14:45] INFO: Checking documentation (docstrings)...
[2026-02-26 04:14:49] WARNING: Documentation issue in agent1_ingestion\extractor.py
[2026-02-26 04:14:50] WARNING: Documentation issue in agent1_ingestion\image_extractor.py
[2026-02-26 04:14:51] WARNING: Documentation issue in agent1_ingestion\library.py
[2026-02-26 04:14:52] WARNING: Documentation issue in agent1_ingestion\main.py
[2026-02-26 04:14:53] WARNING: Documentation issue in agent1_ingestion\models.py
[2026-02-26 04:14:54] WARNING: Documentation issue in agent1_ingestion\structurer.py
[2026-02-26 04:14:56] WARNING: Documentation issue in agent2_analysis\analyzer.py
[2026-02-26 04:14:57] WARNING: Documentation issue in agent2_analysis\concept_extractor.py
[2026-02-26 04:14:58] WARNING: Documentation issue in agent2_analysis\image_analyzer.py
[2026-02-26 04:14:59] WARNING: Documentation issue in agent2_analysis\main.py
[2026-02-26 04:15:00] WARNING: Documentation issue in agent2_analysis\models.py
[2026-02-26 04:15:02] WARNING: Documentation issue in agent2_analysis\segmenter.py
[2026-02-26 04:15:03] WARNING: Documentation issue in agent2_analysis\visual_detector.py
[2026-02-26 04:15:05] WARNING: Documentation issue in agent3_scripts\main.py
[2026-02-26 04:15:06] WARNING: Documentation issue in agent3_scripts\models.py
[2026-02-26 04:15:07] WARNING: Documentation issue in agent3_scripts\prompts.py
