[2026-02-24 17:33:09] INFO: ============================================================
[2026-02-24 17:33:09] INFO: Quality Check Started - 2026-02-24 17:33:09.431959
[2026-02-24 17:33:09] INFO: ============================================================
[2026-02-24 17:33:09] INFO: Starting syntax checks...
[2026-02-24 17:33:10] OK: ✓ All files passed syntax checks
[2026-02-24 17:33:10] INFO: Starting linting checks (PEP 8)...
[2026-02-24 17:33:24] OK: ✓ All files passed linting checks
[2026-02-24 17:33:24] INFO: Starting type checking (mypy)...
[2026-02-24 17:33:25] OK: ✓ Type checking complete (no critical issues)
[2026-02-24 17:33:25] INFO: Starting import organization checks...
[2026-02-24 17:33:37] OK: ✓ All imports properly organized
[2026-02-24 17:33:37] INFO: Running unit tests (pytest)...
[2026-02-24 17:33:49] OK: ✓ All tests passed
[2026-02-24 17:33:49] INFO: Checking documentation (docstrings)...
[2026-02-24 17:34:03] OK: ✓ Documentation checks complete
[2026-02-24 17:34:03] INFO: Checking code complexity...
[2026-02-24 17:34:04] OK: ✓ Code complexity acceptable


[1m======================================================================[0m
[1mQUALITY CHECK REPORT[0m
[1m======================================================================[0m

Timestamp: 2026-02-24 17:34:04
Project Root: C:\Users\Arieb\OneDrive\Desktop\Arieb folder\Edtech\sketchcast
Total Files Checked: 46
Total Issues Found: 0

[1mCheck Results:[0m
  syntax               [92m✓ PASS[0m
  linting              [92m✓ PASS[0m
  type_hints           [92m✓ PASS[0m
  imports              [92m✓ PASS[0m
  tests                [92m✓ PASS[0m
  docstrings           [92m✓ PASS[0m
  complexity           [92m✓ PASS[0m

[92m[1m✓ ALL CHECKS PASSED![0m

[1mLog File: C:\Users\Arieb\OneDrive\Desktop\Arieb folder\Edtech\sketchcast\quality_logs\quality_check_2026-02-24_17-33-09.log[0m
[1m======================================================================[0m

